[www.google.com/gmail/about/index.html]
[backblue.gif]
[fade.gif]
[index.html]
[www.google.com/gmail/about/static/images/share-facebook.jpg]
[www.google.com/gmail/about/static/images/share-twitter.jpg]
[storage.googleapis.com/operating-anagram-8280/apple-touch-icon.png]
[www.gstatic.com/images/branding/product/2x/gmail_32dp.png]
[www.gstatic.com/images/branding/product/2x/gmail_16dp.png]
[www.google.com/gmail/about/static/favicon7c75.ico]
[www.google.com/gmail/about/static/js/detect.min3bcf.js]
[www.google-analytics.com/analytics.js]
[www.google.com/gmail/about/static/js/autotrack.mind61d.js]
[www.google.com/gmail/about/static/images/logo-gmaild31d.png]
[www.google.com/gmail/about/static/images/shadowb932.png]
[ajax.googleapis.com/ajax/libs/angularjs/1.6.6/angular.min.js]
[ajax.googleapis.com/ajax/libs/angularjs/1.6.6/angular-animate.min.js]
[ajax.googleapis.com/ajax/libs/angularjs/1.6.6/angular-touch.min.js]
[www.google.com/gmail/about/policy/index.html]
[www.google.com/gmail/about/static/js/index.min9b71.js]
[www.google.com/gmail/about/index.html]
[www.google.com/gmail/about/static/css/index.min89b7.css]
[www.google.com/gmail/about/images/favicon.ico]
[www.google.com/gmail/about/images/bettercompose.jpg]
[www.google.com/gmail/about/images/bettercompose_2x.jpg]
[www.google.com/gmail/about/images/home-hero_2x.jpg]
[www.google.com/gmail/about/images/for-work-hero_2x.jpg]
[www.google.com/gmail/about/images/hero-mobile.jpg]
[www.google.com/gmail/about/images/hero-mobile_2x.jpg]
[www.google.com/gmail/about/images/action-4_2x.png]
[www.google.com/gmail/about/images/take-action-mobile_2x.jpg]
[www.google.com/gmail/about/images/themes1.jpg]
[www.google.com/gmail/about/images/themes2.jpg]
[www.google.com/gmail/about/images/themes3.jpg]
[www.google.com/gmail/about/images/themes4.jpg]
[www.google.com/gmail/about/images/attachments-tablet.png]
[www.google.com/gmail/about/images/attachments-tablet_2x.png]
[www.google.com/gmail/about/images/inboxtabs.gif]
[www.google.com/gmail/about/images/inboxtabs_2x.jpg]
[www.google.com/gmail/about/images/branded.png]
[www.google.com/gmail/about/images/branded_2x.png]
[www.google.com/gmail/about/images/workfromnewhere.png]
[www.google.com/gmail/about/images/workfromnewhere_2x.png]
[www.google.com/gmail/about/images/techsupport.png]
[www.google.com/gmail/about/images/techsupport_2x.png]
[www.google.com/gmail/about/images/hangout.png]
[www.google.com/gmail/about/images/hangout_2x.png]
[www.google.com/gmail/about/images/for-work-hero.jpg]
[www.google.com/gmail/about/images/any-device.jpg]
[www.google.com/gmail/about/images/any-device_2x.jpg]
[www.google.com/gmail/about/images/playstore.png]
[www.google.com/gmail/about/images/appstore.svg]
[www.google.com/gmail/about/images/any-device-mobile.jpg]
[www.google.com/gmail/about/images/any-device-mobile_2x.jpg]
[www.google.com/js/google.js]
[www.google.com/js/gweb/analytics/autotrack.js]
[ajax.googleapis.com/ajax/libs/webfont/1.5.10/webfont.js]
[ajax.googleapis.com/ajax/libs/angularjs/1.5.9/angular.min.js]
[ajax.googleapis.com/ajax/libs/angularjs/1.5.9/angular-animate.min.js]
[www.google.com/gmail/about/static/js/main.min.js]
[www.google.com/gmail/about/policy/index.html]
[www.google.com/gmail/about/static/images/social.html]
[www.google.com/gmail/about/images/sprite.png]
[www.google.com/gmail/about/images/sprite_2x.png]
[www.google.com/gmail/about/images/blueglobe.png]
[www.google.com/gmail/about/static/css/main.min.css]
[www.google.com/gmail/about/images/appstore.svg]
